     1                                 %line 1+1 hw3.asm
     2                                 
     3                                 
     4                                 
     5                                 
     6                                 
     7                                 
     8                                 
     9                                 
    10                                 
    11                                 
    12                                 
    13                                 
    14                                 
    15                                 
    16                                 %line 40+1 hw3.asm
    17                                 
    18                                 
    19                                 
    20                                 
    21                                 
    22                                 
    23                                 
    24                                 
    25                                 
    26                                 
    27                                 
    28                                 
    29                                 
    30                                 
    31                                 %line 70+1 hw3.asm
    32                                 
    33                                 
    34                                 
    35                                 
    36                                 
    37                                 
    38                                 
    39                                 
    40                                 
    41                                 
    42                                 
    43                                 
    44                                 %line 137+1 hw3.asm
    45                                 
    46                                 
    47                                 
    48                                 [section .data]
    49                                 
    50                                 
    51 00000000 250000002700000005-    numArray1 dd 37, 39, 5, 14, 20, 63, 29, 12, 10, 10
    52 00000000 0000000E0000001400-
    53 00000000 00003F0000001D0000-
    54 00000000 000C0000000A000000-
    55 00000000 0A000000           
    56 00000028 3C0000002800000024-     dd 60, 40, 36, 54, 27, 30, 11, 19, 30, 12
    57 00000028 000000360000001B00-
    58 00000028 00001E0000000B0000-
    59 00000028 00130000001E000000-
    60 00000028 0C000000           
    61 00000050 0D0000001000000004-     dd 13, 16, 4, 2, 5, 19, 34, 60, 83, 12
    62 00000050 000000020000000500-
    63 00000050 000013000000220000-
    64 00000050 003C00000053000000-
    65 00000050 0C000000           
    66 00000078 1E000000               length1 dd 30
    67 0000007C 00000000               sum1 dd 0
    68 00000080 00000000               avg1 dd 0
    69 00000084 00000000               max1 dd 0
    70 00000088 00000000               min1 dd 0
    71                                 
    72                                 
    73 0000008C 220000000F00000015-    numArray2 dd 34, 15, 21, 19, 20, 15, 10, 90, 80, 10
    74 0000008C 000000130000001400-
    75 0000008C 00000F0000000A0000-
    76 0000008C 005A00000050000000-
    77 0000008C 0A000000           
    78 000000B4 0D000000070000000C-     dd 13, 7, 12, 11, 1, 2, 13, 17, 30, 8
    79 000000B4 0000000B0000000100-
    80 000000B4 0000020000000D0000-
    81 000000B4 00110000001E000000-
    82 000000B4 08000000           
    83 000000DC 14000000               length2 dd 20
    84 000000E0 00000000               sum2 dd 0
    85 000000E4 00000000               avg2 dd 0
    86 000000E8 00000000               max2 dd 0
    87 000000EC 00000000               min2 dd 0
    88 000000F0 00000000               med2 dd 0
    89                                 
    90                                 
    91 000000F4 6E0000000D00000005-    numArray3 dd 110, 13, 5, 1, 80, 10, 10, 2, 4, 70, 2
    92 000000F4 000000010000005000-
    93 000000F4 00000A0000000A0000-
    94 000000F4 000200000004000000-
    95 000000F4 4600000002000000   
    96 00000120 0B000000               length3 dd 11
    97 00000124 00000000               sum3 dd 0
    98 00000128 00000000               avg3 dd 0
    99 0000012C 00000000               max3 dd 0
   100 00000130 00000000               min3 dd 0
   101 00000134 00000000               med3 dd 0
   102                                 
   103                                 
   104                                 EXIT_SUCCESS equ 0
   105                                 SYS_exit equ 60
   106                                 
   107                                 [section .text]
   108                                 [global _start]
   109                                 _start:
   110                                 
   111                                 
   112                                 
   113                                 
   114                                 
   115                                 
   116                                 
   117                                 
   118                                 
   119                                 
   120                                 
   121                                 
   122                                 
   123                                 
   124                                 
   125                                 
   126                                 
   127                                 
   128                                 
   129                                 
   130                                 
   131                                 
   132                                 
   133                                 
   134                                 
   135                                 
   136                                 
   137                                 
   138                                 
   139                                 
   140                                 
   141                                 
   142                                 
   143                                 
   144                                 
   145                                 
   146                                 
   147                                 
   148                                 
   149                                 
   150                                 %line 217+0 hw3.asm
   151 00000000 49C7C3[00000000]       mov r11, numArray1
   152 00000007 488B1C25[00000000]     mov rbx, qword [length1]
   153                                 
   154                                 
   155 0000000F 8B0425[00000000]       mov eax, dword [sum1]
   156 00000016 448B1425[00000000]     mov r10d, dword [max1]
   157 0000001E 448B0C25[00000000]     mov r9d, dword [min1]
   158                                 
   159 00000026 48C7C600000000         mov rsi, 0
   160 0000002D 448B1425[00000000]     mov r10d, dword [numArray1]
   161 00000035 448B0C25[00000000]     mov r9d, dword [numArray1]
   162                                 
   163                                 ..@3.sumLoop:
   164 0000003D 0304B5[00000000]       add eax, dword [numArray1+rsi*4]
   165 00000044 44390CB5[00000000]     cmp dword [numArray1+rsi*4], r9d
   166 0000004C 7D06                   jge ..@3.notMin
   167 0000004E 448B0CB5[00000000]     mov r9d, dword [numArray1+rsi*4]
   168                                 ..@3.notMin:
   169 00000056 443914B5[00000000]     cmp dword [numArray1+rsi*4], r10d
   170 0000005E 7E06                   jle ..@3.notMax
   171 00000060 448B14B5[00000000]     mov r10d, dword [numArray1+rsi*4]
   172                                 ..@3.notMax:
   173 00000068 48FFC6                 inc rsi
   174 0000006B 4839DE                 cmp rsi, rbx
   175 0000006E 7CCB                   jl ..@3.sumLoop
   176                                 
   177 00000070 890425[00000000]       mov dword [sum1], eax
   178 00000077 44891425[00000000]     mov dword [max1], r10d
   179 0000007F 44890C25[00000000]     mov dword [min1], r9d
   180                                 
   181                                 
   182                                 
   183                                 
   184                                 
   185                                 
   186                                 
   187                                 
   188                                 
   189                                 
   190                                 
   191                                 
   192                                 
   193                                 
   194                                 
   195                                 
   196                                 
   197                                 
   198                                 
   199                                 
   200                                 
   201                                 
   202                                 
   203                                 %line 218+1 hw3.asm
   204                                 
   205                                 %line 218+0 hw3.asm
   206 00000087 49C7C3[00000000]       mov r11, numArray2
   207 0000008E 488B1C25[00000000]     mov rbx, qword [length2]
   208                                 
   209                                 
   210 00000096 8B0425[00000000]       mov eax, dword [sum2]
   211 0000009D 448B1425[00000000]     mov r10d, dword [max2]
   212 000000A5 448B0C25[00000000]     mov r9d, dword [min2]
   213                                 
   214 000000AD 48C7C600000000         mov rsi, 0
   215 000000B4 448B1425[00000000]     mov r10d, dword [numArray2]
   216 000000BC 448B0C25[00000000]     mov r9d, dword [numArray2]
   217                                 
   218                                 ..@4.sumLoop:
   219 000000C4 0304B5[00000000]       add eax, dword [numArray2+rsi*4]
   220 000000CB 44390CB5[00000000]     cmp dword [numArray2+rsi*4], r9d
   221 000000D3 7D06                   jge ..@4.notMin
   222 000000D5 448B0CB5[00000000]     mov r9d, dword [numArray2+rsi*4]
   223                                 ..@4.notMin:
   224 000000DD 443914B5[00000000]     cmp dword [numArray2+rsi*4], r10d
   225 000000E5 7E06                   jle ..@4.notMax
   226 000000E7 448B14B5[00000000]     mov r10d, dword [numArray2+rsi*4]
   227                                 ..@4.notMax:
   228 000000EF 48FFC6                 inc rsi
   229 000000F2 4839DE                 cmp rsi, rbx
   230 000000F5 7CCB                   jl ..@4.sumLoop
   231                                 
   232 000000F7 890425[00000000]       mov dword [sum2], eax
   233 000000FE 44891425[00000000]     mov dword [max2], r10d
   234 00000106 44890C25[00000000]     mov dword [min2], r9d
   235                                 
   236                                 
   237                                 
   238                                 
   239                                 
   240                                 
   241                                 
   242                                 
   243                                 
   244                                 
   245                                 
   246                                 
   247                                 
   248                                 
   249                                 
   250                                 
   251                                 
   252                                 
   253                                 
   254                                 
   255                                 
   256                                 
   257                                 
   258                                 %line 219+1 hw3.asm
   259                                 
   260                                 %line 219+0 hw3.asm
   261 0000010E 49C7C3[00000000]       mov r11, numArray3
   262 00000115 488B1C25[00000000]     mov rbx, qword [length3]
   263                                 
   264                                 
   265 0000011D 8B0425[00000000]       mov eax, dword [sum3]
   266 00000124 448B1425[00000000]     mov r10d, dword [max3]
   267 0000012C 448B0C25[00000000]     mov r9d, dword [min3]
   268                                 
   269 00000134 48C7C600000000         mov rsi, 0
   270 0000013B 448B1425[00000000]     mov r10d, dword [numArray3]
   271 00000143 448B0C25[00000000]     mov r9d, dword [numArray3]
   272                                 
   273                                 ..@5.sumLoop:
   274 0000014B 0304B5[00000000]       add eax, dword [numArray3+rsi*4]
   275 00000152 44390CB5[00000000]     cmp dword [numArray3+rsi*4], r9d
   276 0000015A 7D06                   jge ..@5.notMin
   277 0000015C 448B0CB5[00000000]     mov r9d, dword [numArray3+rsi*4]
   278                                 ..@5.notMin:
   279 00000164 443914B5[00000000]     cmp dword [numArray3+rsi*4], r10d
   280 0000016C 7E06                   jle ..@5.notMax
   281 0000016E 448B14B5[00000000]     mov r10d, dword [numArray3+rsi*4]
   282                                 ..@5.notMax:
   283 00000176 48FFC6                 inc rsi
   284 00000179 4839DE                 cmp rsi, rbx
   285 0000017C 7CCB                   jl ..@5.sumLoop
   286                                 
   287 0000017E 890425[00000000]       mov dword [sum3], eax
   288 00000185 44891425[00000000]     mov dword [max3], r10d
   289 0000018D 44890C25[00000000]     mov dword [min3], r9d
   290                                 
   291                                 
   292                                 
   293                                 
   294                                 
   295                                 
   296                                 
   297                                 
   298                                 
   299                                 
   300                                 
   301                                 
   302                                 
   303                                 
   304                                 
   305                                 
   306                                 
   307                                 
   308                                 
   309                                 
   310                                 
   311                                 
   312                                 
   313                                 %line 220+1 hw3.asm
   314                                 
   315                                 
   316 00000195 8B0425[00000000]       mov eax, dword [sum1]
   317                                 %line 222+0 hw3.asm
   318 0000019C 8B1C25[00000000]       mov ebx, dword [length1]
   319                                 
   320 000001A3 BA00000000             mov edx, 0
   321 000001A8 F7F3                   div ebx
   322                                 
   323                                 
   324                                 
   325                                 
   326                                 
   327                                 
   328                                 
   329                                 
   330                                 
   331                                 
   332                                 
   333                                 
   334                                 
   335                                 
   336                                 
   337                                 
   338                                 
   339                                 
   340                                 %line 223+1 hw3.asm
   341 000001AA 890425[00000000]        mov dword[avg1], eax
   342 000001B1 8B0425[00000000]       mov eax, dword [sum2]
   343                                 %line 224+0 hw3.asm
   344 000001B8 8B1C25[00000000]       mov ebx, dword [length2]
   345                                 
   346 000001BF BA00000000             mov edx, 0
   347 000001C4 F7F3                   div ebx
   348                                 
   349                                 
   350                                 
   351                                 
   352                                 
   353                                 
   354                                 
   355                                 
   356                                 
   357                                 
   358                                 
   359                                 
   360                                 
   361                                 
   362                                 
   363                                 
   364                                 
   365                                 
   366                                 %line 225+1 hw3.asm
   367 000001C6 890425[00000000]        mov dword[avg2], eax
   368 000001CD 8B0425[00000000]       mov eax, dword [sum3]
   369                                 %line 226+0 hw3.asm
   370 000001D4 8B1C25[00000000]       mov ebx, dword [length3]
   371                                 
   372 000001DB BA00000000             mov edx, 0
   373 000001E0 F7F3                   div ebx
   374                                 
   375                                 
   376                                 
   377                                 
   378                                 
   379                                 
   380                                 
   381                                 
   382                                 
   383                                 
   384                                 
   385                                 
   386                                 
   387                                 
   388                                 
   389                                 
   390                                 
   391                                 
   392                                 %line 227+1 hw3.asm
   393 000001E2 890425[00000000]        mov dword[avg3], eax
   394                                 
   395                                 
   396                                 last:
   397 000001E9 B83C000000              mov eax, SYS_exit
   398 000001EE BF00000000              mov edi, EXIT_SUCCESS
   399 000001F3 0F05                    syscall
